prueba log
